Making Larry caused a side effect
Larry
63
Hello I am Barry, 63
78
10
42
This is a message
pog
I don't know what to write
This is a message
pog
I don't know what to write

3
Thing string
