2
moment
hurb
10
9
2
False
0
True
9
2
True
True
False
False
