this should print
this is block scoped
modified
this should also print
maths makes sense
wow you can use if statements as values
