Hello, Joe aged 3333
Hello, Tim aged 52
You suck Bob
