this was defined in another file
this was written in C#
