Default sound
animal named alfred
Meow
Meow
majestic animal named Mittens
animal named spot
5
Default sound
Hello my name is Joe
I am not an animal named Joe
