19
16
15
5
1
24
-98
57005
0.6562499
3.14159265358979
